---
source: cargo-geiger/tests/integration_tests.rs
expression: stdout
---

Metric output format: x/y
    x = unsafe code used by the build
    y = total unsafe code found in the crate

Symbols:
    :) = No `unsafe` usage found, declares #![forbid(unsafe_code)]
    ?  = No `unsafe` usage found, missing #![forbid(unsafe_code)]
    !  = `unsafe` usage found

Functions  Expressions  Impls  Traits  Methods  Dependency

0/0        0/0          0/0    0/0     0/0      :) test6_cargo_lock_out_of_date 0.1.0
0/0        0/0          0/0    0/0     0/0      :) ├── generational-arena 0.2.2
0/0        0/0          0/0    0/0     0/0      ?  │   └── cfg-if 0.1.9
0/0        1/1          0/0    0/0     0/0      !  └── idna 0.1.5
0/0        0/0          0/0    0/0     0/0      ?      ├── matches 0.1.8
0/0        0/0          0/0    0/0     0/0      :)     ├── unicode-bidi 0.3.4
0/0        0/0          0/0    0/0     0/0      ?      │   └── matches 0.1.8
0/0        20/20        0/0    0/0     0/0      !      └── unicode-normalization 0.1.8
2/2        349/349      4/4    1/1     13/13    !          └── smallvec 0.6.9

2/2        370/370      4/4    1/1     13/13


